// Vitest Snapshot v1, https://vitest.dev/guide/snapshot.html

exports[`TrainingLocationList > backLink 1`] = `"/training"`;
