// Vitest Snapshot v1, https://vitest.dev/guide/snapshot.html

exports[`TrainingCreation > backLink 1`] = `"/training"`;
