// Vitest Snapshot v1, https://vitest.dev/guide/snapshot.html

exports[`TrainingLocationCreation > backLink 1`] = `"/training/location"`;
